<html>
<body>
<pre>
<h1>µVision Build Log</h1>
<h2>Project:</h2>
C:\Users\Matt\Downloads\ST7735_4C1294\ST7735_4C1294\ST7735.uvproj
Project File Date:  12/02/2018

<h2>Output:</h2>
Build target 'ST7735'
compiling ST7735.c...
linking...
Program Size: Code=3064 RO-data=2052 RW-data=44 ZI-data=1028  
".\ST7735.axf" - 0 Error(s), 0 Warning(s).
Load "C:\\Users\\Matt\\Downloads\\ST7735_4C1294\\ST7735_4C1294\\ST7735.axf" 
Connecting: Mode=JTAG, Speed=1000000Hz
Erase Done.
Programming Done.
Verify OK.
Downloads\\ST7735_4C1294\\ST7735_4C1294\\ST7735.axf" 
Connecting: Mode=JTAG, Speed=1000000Hz
Erase Done.
Programming Done.
Verify OK.
ownloads\ST7735_4C1294\ST7735_4C1294\ST7735.axf'
