<html>
<body>
<pre>
<h1>µVision Build Log</h1>
<h2>Project:</h2>
E:\Dropbox\ArmBook\Connected_LaunchPad\Switch_4C1294\Switch.uvproj
Project File Date:  04/28/2014

<h2>Output:</h2>
Build target 'Switch'
compiling Board.c...
compiling Switch.c...
compiling SwitchTestMain.c...
linking...
Program Size: Code=1544 RO-data=16 RW-data=0 ZI-data=1120  
".\Switch.axf" - 0 Errors, 0 Warning(s).
Load "E:\\Dropbox\\ArmBook\\Connected_LaunchPad\\Switch_4C1294\\Switch.axf" 
Connecting: Mode=JTAG, Speed=1000000Hz
Erase Done.
Programming Done.
Verify OK.
