<html>
<body>
<pre>
<h1>µVision Build Log</h1>
<h2>Project:</h2>
C:\Users\Matt\Downloads\Switch_4C1294\Switch_4C1294\Switch.uvproj
Project File Date:  12/02/2018

<h2>Output:</h2>
Build target 'Switch'
compiling Switch.c...
linking...
Program Size: Code=2048 RO-data=32 RW-data=8 ZI-data=1120  
".\Switch.axf" - 0 Error(s), 0 Warning(s).
Load "C:\\Users\\Matt\\Downloads\\Switch_4C1294\\Switch_4C1294\\Switch.axf" 
Connecting: Mode=JTAG, Speed=1000000Hz
Erase Done.
Programming Done.
Verify OK.
ash Download failed  -  Target DLL has been cancelled
Load "C:\\Users\\Matt\\Downloads\\Switch_4C1294\\Switch_4C1294\\Switch.axf" 
Connecting: Mode=JTAG, Speed=1000000Hz
Erase Done.
Programming Done.
Verify OK.
