ARM Linker, 5.03 [Build 76] [MDK-ARM Lite]

==============================================================================

Section Cross References

    startup.o(STACK) refers (Special) to heapauxi.o(.text) for __use_two_region_memory
    startup.o(HEAP) refers (Special) to heapauxi.o(.text) for __use_two_region_memory
    startup.o(RESET) refers (Special) to heapauxi.o(.text) for __use_two_region_memory
    startup.o(RESET) refers to startup.o(STACK) for StackMem
    startup.o(RESET) refers to switch.o(i.GPIOPortL_Handler) for GPIOPortL_Handler
    startup.o(RESET) refers to __main.o(!!!main) for __main
    startup.o(.text) refers (Special) to heapauxi.o(.text) for __use_two_region_memory
    startup.o(.text) refers to startup.o(HEAP) for HeapMem
    startup.o(.text) refers to startup.o(STACK) for StackMem
    switch.o(i.Switch_Init) refers to startup.o(.text) for DisableInterrupts
    switch.o(i.Switch_Input) refers to switch.o(i.toggle_all) for toggle_all
    switch.o(i.Switch_Input) refers to switch.o(.data) for pl3
    switchtestmain.o(i.main) refers to switch.o(i.GPIO_Init) for GPIO_Init
    switchtestmain.o(i.main) refers to switch.o(i.Switch_Init) for Switch_Init
    switchtestmain.o(i.main) refers to board.o(i.Board_Init) for Board_Init
    switchtestmain.o(i.main) refers to board.o(i.Board_Input) for Board_Input
    switchtestmain.o(i.main) refers to switch.o(i.Switch_Input) for Switch_Input
    switchtestmain.o(i.main) refers to board.o(i.Board_Output) for Board_Output
    __main.o(!!!main) refers to rtentry.o(.ARM.Collect$$rtentry$$00000000) for __rt_entry
    rtentry.o(.ARM.Collect$$rtentry$$00000000) refers (Special) to rtentry2.o(.ARM.Collect$$rtentry$$0000000A) for __rt_entry_li
    rtentry.o(.ARM.Collect$$rtentry$$00000000) refers (Special) to rtentry2.o(.ARM.Collect$$rtentry$$0000000D) for __rt_entry_main
    rtentry.o(.ARM.Collect$$rtentry$$00000000) refers (Special) to rtentry2.o(.ARM.Collect$$rtentry$$0000000C) for __rt_entry_postli_1
    rtentry.o(.ARM.Collect$$rtentry$$00000000) refers (Special) to rtentry2.o(.ARM.Collect$$rtentry$$00000009) for __rt_entry_postsh_1
    rtentry.o(.ARM.Collect$$rtentry$$00000000) refers (Special) to rtentry2.o(.ARM.Collect$$rtentry$$00000002) for __rt_entry_presh_1
    rtentry.o(.ARM.Collect$$rtentry$$00000000) refers (Special) to rtentry4.o(.ARM.Collect$$rtentry$$00000004) for __rt_entry_sh
    rtentry2.o(.ARM.Collect$$rtentry$$00000008) refers to boardinit2.o(.text) for _platform_post_stackheap_init
    rtentry2.o(.ARM.Collect$$rtentry$$0000000A) refers to libinit.o(.ARM.Collect$$libinit$$00000000) for __rt_lib_init
    rtentry2.o(.ARM.Collect$$rtentry$$0000000B) refers to boardinit3.o(.text) for _platform_post_lib_init
    rtentry2.o(.ARM.Collect$$rtentry$$0000000D) refers to switchtestmain.o(i.main) for main
    rtentry2.o(.ARM.Collect$$rtentry$$0000000D) refers to exit.o(.text) for exit
    rtentry2.o(.ARM.exidx) refers to rtentry2.o(.ARM.Collect$$rtentry$$00000001) for .ARM.Collect$$rtentry$$00000001
    rtentry2.o(.ARM.exidx) refers to rtentry2.o(.ARM.Collect$$rtentry$$00000008) for .ARM.Collect$$rtentry$$00000008
    rtentry2.o(.ARM.exidx) refers to rtentry2.o(.ARM.Collect$$rtentry$$0000000A) for .ARM.Collect$$rtentry$$0000000A
    rtentry2.o(.ARM.exidx) refers to rtentry2.o(.ARM.Collect$$rtentry$$0000000B) for .ARM.Collect$$rtentry$$0000000B
    rtentry2.o(.ARM.exidx) refers to rtentry2.o(.ARM.Collect$$rtentry$$0000000D) for .ARM.Collect$$rtentry$$0000000D
    rtentry4.o(.ARM.Collect$$rtentry$$00000004) refers to sys_stackheap_outer.o(.text) for __user_setup_stackheap
    rtentry4.o(.ARM.exidx) refers to rtentry4.o(.ARM.Collect$$rtentry$$00000004) for .ARM.Collect$$rtentry$$00000004
    sys_stackheap_outer.o(.text) refers to libspace.o(.text) for __user_perproc_libspace
    sys_stackheap_outer.o(.text) refers to startup.o(.text) for __user_initial_stackheap
    exit.o(.text) refers to rtexit.o(.ARM.Collect$$rtexit$$00000000) for __rt_exit
    libinit.o(.ARM.Collect$$libinit$$00000000) refers (Special) to libinit2.o(.ARM.Collect$$libinit$$0000002C) for __rt_lib_init_alloca_1
    libinit.o(.ARM.Collect$$libinit$$00000000) refers (Special) to libinit2.o(.ARM.Collect$$libinit$$0000002A) for __rt_lib_init_argv_1
    libinit.o(.ARM.Collect$$libinit$$00000000) refers (Special) to libinit2.o(.ARM.Collect$$libinit$$00000019) for __rt_lib_init_atexit_1
    libinit.o(.ARM.Collect$$libinit$$00000000) refers (Special) to libinit2.o(.ARM.Collect$$libinit$$0000001F) for __rt_lib_init_clock_1
    libinit.o(.ARM.Collect$$libinit$$00000000) refers (Special) to libinit2.o(.ARM.Collect$$libinit$$00000030) for __rt_lib_init_cpp_1
    libinit.o(.ARM.Collect$$libinit$$00000000) refers (Special) to libinit2.o(.ARM.Collect$$libinit$$0000002E) for __rt_lib_init_exceptions_1
    libinit.o(.ARM.Collect$$libinit$$00000000) refers (Special) to libinit2.o(.ARM.Collect$$libinit$$00000002) for __rt_lib_init_fp_1
    libinit.o(.ARM.Collect$$libinit$$00000000) refers (Special) to libinit2.o(.ARM.Collect$$libinit$$0000001D) for __rt_lib_init_fp_trap_1
    libinit.o(.ARM.Collect$$libinit$$00000000) refers (Special) to libinit2.o(.ARM.Collect$$libinit$$00000021) for __rt_lib_init_getenv_1
    libinit.o(.ARM.Collect$$libinit$$00000000) refers (Special) to libinit2.o(.ARM.Collect$$libinit$$00000008) for __rt_lib_init_heap_1
    libinit.o(.ARM.Collect$$libinit$$00000000) refers (Special) to libinit2.o(.ARM.Collect$$libinit$$0000000F) for __rt_lib_init_lc_collate_1
    libinit.o(.ARM.Collect$$libinit$$00000000) refers (Special) to libinit2.o(.ARM.Collect$$libinit$$00000011) for __rt_lib_init_lc_ctype_1
    libinit.o(.ARM.Collect$$libinit$$00000000) refers (Special) to libinit2.o(.ARM.Collect$$libinit$$00000013) for __rt_lib_init_lc_monetary_1
    libinit.o(.ARM.Collect$$libinit$$00000000) refers (Special) to libinit2.o(.ARM.Collect$$libinit$$00000015) for __rt_lib_init_lc_numeric_1
    libinit.o(.ARM.Collect$$libinit$$00000000) refers (Special) to libinit2.o(.ARM.Collect$$libinit$$00000017) for __rt_lib_init_lc_time_1
    libinit.o(.ARM.Collect$$libinit$$00000000) refers (Special) to libinit2.o(.ARM.Collect$$libinit$$0000000C) for __rt_lib_init_rand_1
    libinit.o(.ARM.Collect$$libinit$$00000000) refers (Special) to libinit2.o(.ARM.Collect$$libinit$$00000031) for __rt_lib_init_return
    libinit.o(.ARM.Collect$$libinit$$00000000) refers (Special) to libinit2.o(.ARM.Collect$$libinit$$0000001B) for __rt_lib_init_signal_1
    libinit.o(.ARM.Collect$$libinit$$00000000) refers (Special) to libinit2.o(.ARM.Collect$$libinit$$00000023) for __rt_lib_init_stdio_1
    libinit.o(.ARM.Collect$$libinit$$00000000) refers (Special) to libinit2.o(.ARM.Collect$$libinit$$0000000A) for __rt_lib_init_user_alloc_1
    libspace.o(.text) refers to libspace.o(.bss) for __libspace_start
    rtexit.o(.ARM.Collect$$rtexit$$00000000) refers (Special) to rtexit2.o(.ARM.Collect$$rtexit$$00000004) for __rt_exit_exit
    rtexit.o(.ARM.Collect$$rtexit$$00000000) refers (Special) to rtexit2.o(.ARM.Collect$$rtexit$$00000003) for __rt_exit_ls
    rtexit.o(.ARM.Collect$$rtexit$$00000000) refers (Special) to rtexit2.o(.ARM.Collect$$rtexit$$00000002) for __rt_exit_prels_1
    rtexit.o(.ARM.exidx) refers (Special) to rtexit2.o(.ARM.Collect$$rtexit$$00000004) for __rt_exit_exit
    rtexit.o(.ARM.exidx) refers (Special) to rtexit2.o(.ARM.Collect$$rtexit$$00000003) for __rt_exit_ls
    rtexit.o(.ARM.exidx) refers (Special) to rtexit2.o(.ARM.Collect$$rtexit$$00000002) for __rt_exit_prels_1
    rtexit.o(.ARM.exidx) refers to rtexit.o(.ARM.Collect$$rtexit$$00000000) for .ARM.Collect$$rtexit$$00000000
    libinit2.o(.ARM.Collect$$libinit$$0000000E) refers to libinit2.o(.ARM.Collect$$libinit$$0000000D) for .ARM.Collect$$libinit$$0000000D
    libinit2.o(.ARM.Collect$$libinit$$00000010) refers to libinit2.o(.ARM.Collect$$libinit$$0000000D) for .ARM.Collect$$libinit$$0000000D
    libinit2.o(.ARM.Collect$$libinit$$00000012) refers to libinit2.o(.ARM.Collect$$libinit$$0000000D) for .ARM.Collect$$libinit$$0000000D
    libinit2.o(.ARM.Collect$$libinit$$00000014) refers to libinit2.o(.ARM.Collect$$libinit$$0000000D) for .ARM.Collect$$libinit$$0000000D
    libinit2.o(.ARM.Collect$$libinit$$00000016) refers to libinit2.o(.ARM.Collect$$libinit$$0000000D) for .ARM.Collect$$libinit$$0000000D
    libinit2.o(.ARM.Collect$$libinit$$00000024) refers to argv_veneer.o(.emb_text) for __ARM_argv_veneer
    libinit2.o(.ARM.Collect$$libinit$$00000025) refers to argv_veneer.o(.emb_text) for __ARM_argv_veneer
    rtexit2.o(.ARM.Collect$$rtexit$$00000003) refers to libshutdown.o(.ARM.Collect$$libshutdown$$00000000) for __rt_lib_shutdown
    rtexit2.o(.ARM.Collect$$rtexit$$00000004) refers to sys_exit.o(.text) for _sys_exit
    rtexit2.o(.ARM.exidx) refers to rtexit2.o(.ARM.Collect$$rtexit$$00000001) for .ARM.Collect$$rtexit$$00000001
    rtexit2.o(.ARM.exidx) refers to rtexit2.o(.ARM.Collect$$rtexit$$00000003) for .ARM.Collect$$rtexit$$00000003
    rtexit2.o(.ARM.exidx) refers to rtexit2.o(.ARM.Collect$$rtexit$$00000004) for .ARM.Collect$$rtexit$$00000004
    argv_veneer.o(.emb_text) refers to no_argv.o(.text) for __ARM_get_argv
    sys_exit.o(.text) refers (Special) to use_no_semi.o(.text) for __I$use$semihosting
    sys_exit.o(.text) refers (Special) to indicate_semi.o(.text) for __semihosting_library_function
    _get_argv_nomalloc.o(.text) refers (Special) to hrguard.o(.text) for __heap_region$guard
    _get_argv_nomalloc.o(.text) refers to defsig_rtmem_outer.o(.text) for __rt_SIGRTMEM
    _get_argv_nomalloc.o(.text) refers to sys_command.o(.text) for _sys_command_string
    libshutdown.o(.ARM.Collect$$libshutdown$$00000000) refers (Special) to libshutdown2.o(.ARM.Collect$$libshutdown$$00000006) for __rt_lib_shutdown_fp_trap_1
    libshutdown.o(.ARM.Collect$$libshutdown$$00000000) refers (Special) to libshutdown2.o(.ARM.Collect$$libshutdown$$0000000E) for __rt_lib_shutdown_heap_1
    libshutdown.o(.ARM.Collect$$libshutdown$$00000000) refers (Special) to libshutdown2.o(.ARM.Collect$$libshutdown$$0000000F) for __rt_lib_shutdown_return
    libshutdown.o(.ARM.Collect$$libshutdown$$00000000) refers (Special) to libshutdown2.o(.ARM.Collect$$libshutdown$$00000009) for __rt_lib_shutdown_signal_1
    libshutdown.o(.ARM.Collect$$libshutdown$$00000000) refers (Special) to libshutdown2.o(.ARM.Collect$$libshutdown$$00000003) for __rt_lib_shutdown_stdio_1
    libshutdown.o(.ARM.Collect$$libshutdown$$00000000) refers (Special) to libshutdown2.o(.ARM.Collect$$libshutdown$$0000000B) for __rt_lib_shutdown_user_alloc_1
    sys_command.o(.text) refers (Special) to use_no_semi.o(.text) for __I$use$semihosting
    sys_command.o(.text) refers (Special) to indicate_semi.o(.text) for __semihosting_library_function
    defsig_rtmem_outer.o(.text) refers to defsig_rtmem_inner.o(.text) for __rt_SIGRTMEM_inner
    defsig_rtmem_outer.o(.text) refers to defsig_exit.o(.text) for __sig_exit
    defsig_rtmem_formal.o(.text) refers to rt_raise.o(.text) for __rt_raise
    rt_raise.o(.text) refers to __raise.o(.text) for __raise
    rt_raise.o(.text) refers to sys_exit.o(.text) for _sys_exit
    defsig_exit.o(.text) refers to sys_exit.o(.text) for _sys_exit
    defsig_rtmem_inner.o(.text) refers to defsig_general.o(.text) for __default_signal_display
    __raise.o(.text) refers to defsig.o(CL$$defsig) for __default_signal_handler
    defsig_general.o(.text) refers to sys_wrch.o(.text) for _ttywrch
    sys_wrch.o(.text) refers (Special) to use_no_semi.o(.text) for __I$use$semihosting
    sys_wrch.o(.text) refers (Special) to indicate_semi.o(.text) for __semihosting_library_function
    defsig.o(CL$$defsig) refers to defsig_rtmem_inner.o(.text) for __rt_SIGRTMEM_inner
    defsig_abrt_inner.o(.text) refers to defsig_general.o(.text) for __default_signal_display
    defsig_fpe_inner.o(.text) refers to defsig_general.o(.text) for __default_signal_display
    defsig_rtred_inner.o(.text) refers to defsig_general.o(.text) for __default_signal_display
    defsig_stak_inner.o(.text) refers to defsig_general.o(.text) for __default_signal_display
    defsig_pvfn_inner.o(.text) refers to defsig_general.o(.text) for __default_signal_display
    defsig_cppl_inner.o(.text) refers to defsig_general.o(.text) for __default_signal_display
    defsig_segv_inner.o(.text) refers to defsig_general.o(.text) for __default_signal_display
    defsig_other.o(.text) refers to defsig_general.o(.text) for __default_signal_display


==============================================================================

Removing Unused input sections from the image.

    Removing switch.o(i.Switch_Input2), (16 bytes).

1 unused section(s) (total 16 bytes) removed from the image.

==============================================================================

Image Symbol Table

    Local Symbols

    Symbol Name                              Value     Ov Type        Size  Object(Section)

    RESET                                    0x00000000   Section      544  startup.o(RESET)
    ../clib/angel/boardlib.s                 0x00000000   Number         0  boardinit3.o ABSOLUTE
    ../clib/angel/boardlib.s                 0x00000000   Number         0  boardinit2.o ABSOLUTE
    ../clib/angel/boardlib.s                 0x00000000   Number         0  boardshut.o ABSOLUTE
    ../clib/angel/boardlib.s                 0x00000000   Number         0  boardinit1.o ABSOLUTE
    ../clib/angel/handlers.s                 0x00000000   Number         0  __scatter_copy.o ABSOLUTE
    ../clib/angel/handlers.s                 0x00000000   Number         0  __scatter_zi.o ABSOLUTE
    ../clib/angel/kernel.s                   0x00000000   Number         0  rtexit2.o ABSOLUTE
    ../clib/angel/kernel.s                   0x00000000   Number         0  rtexit.o ABSOLUTE
    ../clib/angel/kernel.s                   0x00000000   Number         0  rtentry4.o ABSOLUTE
    ../clib/angel/kernel.s                   0x00000000   Number         0  rtentry2.o ABSOLUTE
    ../clib/angel/kernel.s                   0x00000000   Number         0  rtentry.o ABSOLUTE
    ../clib/angel/rt.s                       0x00000000   Number         0  rt_raise.o ABSOLUTE
    ../clib/angel/scatter.s                  0x00000000   Number         0  __scatter.o ABSOLUTE
    ../clib/angel/startup.s                  0x00000000   Number         0  __main.o ABSOLUTE
    ../clib/angel/sys.s                      0x00000000   Number         0  indicate_semi.o ABSOLUTE
    ../clib/angel/sys.s                      0x00000000   Number         0  libspace.o ABSOLUTE
    ../clib/angel/sys.s                      0x00000000   Number         0  use_no_semi.o ABSOLUTE
    ../clib/angel/sys.s                      0x00000000   Number         0  sys_stackheap_outer.o ABSOLUTE
    ../clib/angel/sysapp.c                   0x00000000   Number         0  sys_wrch.o ABSOLUTE
    ../clib/angel/sysapp.c                   0x00000000   Number         0  sys_command.o ABSOLUTE
    ../clib/angel/sysapp.c                   0x00000000   Number         0  sys_exit.o ABSOLUTE
    ../clib/armsys.c                         0x00000000   Number         0  argv_veneer.o ABSOLUTE
    ../clib/armsys.c                         0x00000000   Number         0  argv_veneer.o ABSOLUTE
    ../clib/armsys.c                         0x00000000   Number         0  no_argv.o ABSOLUTE
    ../clib/armsys.c                         0x00000000   Number         0  _get_argv_nomalloc.o ABSOLUTE
    ../clib/heapalloc.c                      0x00000000   Number         0  hrguard.o ABSOLUTE
    ../clib/heapaux.c                        0x00000000   Number         0  heapauxi.o ABSOLUTE
    ../clib/libinit.s                        0x00000000   Number         0  libshutdown.o ABSOLUTE
    ../clib/libinit.s                        0x00000000   Number         0  libinit.o ABSOLUTE
    ../clib/libinit.s                        0x00000000   Number         0  libinit2.o ABSOLUTE
    ../clib/libinit.s                        0x00000000   Number         0  libshutdown2.o ABSOLUTE
    ../clib/signal.c                         0x00000000   Number         0  defsig_pvfn_inner.o ABSOLUTE
    ../clib/signal.c                         0x00000000   Number         0  defsig_exit.o ABSOLUTE
    ../clib/signal.c                         0x00000000   Number         0  defsig_rtmem_inner.o ABSOLUTE
    ../clib/signal.c                         0x00000000   Number         0  defsig_rtmem_outer.o ABSOLUTE
    ../clib/signal.c                         0x00000000   Number         0  __raise.o ABSOLUTE
    ../clib/signal.c                         0x00000000   Number         0  defsig_general.o ABSOLUTE
    ../clib/signal.c                         0x00000000   Number         0  defsig_rtmem_formal.o ABSOLUTE
    ../clib/signal.c                         0x00000000   Number         0  defsig_abrt_inner.o ABSOLUTE
    ../clib/signal.c                         0x00000000   Number         0  defsig_fpe_inner.o ABSOLUTE
    ../clib/signal.c                         0x00000000   Number         0  defsig_segv_inner.o ABSOLUTE
    ../clib/signal.c                         0x00000000   Number         0  defsig_other.o ABSOLUTE
    ../clib/signal.c                         0x00000000   Number         0  defsig_rtred_inner.o ABSOLUTE
    ../clib/signal.c                         0x00000000   Number         0  defsig_stak_inner.o ABSOLUTE
    ../clib/signal.c                         0x00000000   Number         0  defsig_cppl_inner.o ABSOLUTE
    ../clib/signal.s                         0x00000000   Number         0  defsig.o ABSOLUTE
    ../clib/stdlib.c                         0x00000000   Number         0  exit.o ABSOLUTE
    ../fplib/fpinit.s                        0x00000000   Number         0  fpinit.o ABSOLUTE
    Board.c                                  0x00000000   Number         0  board.o ABSOLUTE
    Switch.c                                 0x00000000   Number         0  switch.o ABSOLUTE
    SwitchTestMain.c                         0x00000000   Number         0  switchtestmain.o ABSOLUTE
    dc.s                                     0x00000000   Number         0  dc.o ABSOLUTE
    startup.s                                0x00000000   Number         0  startup.o ABSOLUTE
    !!!main                                  0x00000220   Section        8  __main.o(!!!main)
    !!!scatter                               0x00000228   Section       52  __scatter.o(!!!scatter)
    !!handler_copy                           0x0000025c   Section       26  __scatter_copy.o(!!handler_copy)
    !!handler_zi                             0x00000278   Section       28  __scatter_zi.o(!!handler_zi)
    .ARM.Collect$$libinit$$00000000          0x00000294   Section        2  libinit.o(.ARM.Collect$$libinit$$00000000)
    .ARM.Collect$$libinit$$00000002          0x00000296   Section        0  libinit2.o(.ARM.Collect$$libinit$$00000002)
    .ARM.Collect$$libinit$$00000008          0x00000296   Section        0  libinit2.o(.ARM.Collect$$libinit$$00000008)
    .ARM.Collect$$libinit$$0000000A          0x00000296   Section        0  libinit2.o(.ARM.Collect$$libinit$$0000000A)
    .ARM.Collect$$libinit$$0000000C          0x00000296   Section        0  libinit2.o(.ARM.Collect$$libinit$$0000000C)
    .ARM.Collect$$libinit$$0000000F          0x00000296   Section        0  libinit2.o(.ARM.Collect$$libinit$$0000000F)
    .ARM.Collect$$libinit$$00000011          0x00000296   Section        0  libinit2.o(.ARM.Collect$$libinit$$00000011)
    .ARM.Collect$$libinit$$00000013          0x00000296   Section        0  libinit2.o(.ARM.Collect$$libinit$$00000013)
    .ARM.Collect$$libinit$$00000015          0x00000296   Section        0  libinit2.o(.ARM.Collect$$libinit$$00000015)
    .ARM.Collect$$libinit$$00000017          0x00000296   Section        0  libinit2.o(.ARM.Collect$$libinit$$00000017)
    .ARM.Collect$$libinit$$00000019          0x00000296   Section        0  libinit2.o(.ARM.Collect$$libinit$$00000019)
    .ARM.Collect$$libinit$$0000001B          0x00000296   Section        0  libinit2.o(.ARM.Collect$$libinit$$0000001B)
    .ARM.Collect$$libinit$$0000001D          0x00000296   Section        0  libinit2.o(.ARM.Collect$$libinit$$0000001D)
    .ARM.Collect$$libinit$$0000001F          0x00000296   Section        0  libinit2.o(.ARM.Collect$$libinit$$0000001F)
    .ARM.Collect$$libinit$$00000021          0x00000296   Section        0  libinit2.o(.ARM.Collect$$libinit$$00000021)
    .ARM.Collect$$libinit$$00000023          0x00000296   Section        0  libinit2.o(.ARM.Collect$$libinit$$00000023)
    .ARM.Collect$$libinit$$0000002A          0x00000296   Section        0  libinit2.o(.ARM.Collect$$libinit$$0000002A)
    .ARM.Collect$$libinit$$0000002C          0x00000296   Section        0  libinit2.o(.ARM.Collect$$libinit$$0000002C)
    .ARM.Collect$$libinit$$0000002E          0x00000296   Section        0  libinit2.o(.ARM.Collect$$libinit$$0000002E)
    .ARM.Collect$$libinit$$00000030          0x00000296   Section        0  libinit2.o(.ARM.Collect$$libinit$$00000030)
    .ARM.Collect$$libinit$$00000031          0x00000296   Section        2  libinit2.o(.ARM.Collect$$libinit$$00000031)
    .ARM.Collect$$libshutdown$$00000000      0x00000298   Section        2  libshutdown.o(.ARM.Collect$$libshutdown$$00000000)
    .ARM.Collect$$libshutdown$$00000003      0x0000029a   Section        0  libshutdown2.o(.ARM.Collect$$libshutdown$$00000003)
    .ARM.Collect$$libshutdown$$00000006      0x0000029a   Section        0  libshutdown2.o(.ARM.Collect$$libshutdown$$00000006)
    .ARM.Collect$$libshutdown$$00000009      0x0000029a   Section        0  libshutdown2.o(.ARM.Collect$$libshutdown$$00000009)
    .ARM.Collect$$libshutdown$$0000000B      0x0000029a   Section        0  libshutdown2.o(.ARM.Collect$$libshutdown$$0000000B)
    .ARM.Collect$$libshutdown$$0000000E      0x0000029a   Section        0  libshutdown2.o(.ARM.Collect$$libshutdown$$0000000E)
    .ARM.Collect$$libshutdown$$0000000F      0x0000029a   Section        2  libshutdown2.o(.ARM.Collect$$libshutdown$$0000000F)
    .ARM.Collect$$rtentry$$00000000          0x0000029c   Section        0  rtentry.o(.ARM.Collect$$rtentry$$00000000)
    .ARM.Collect$$rtentry$$00000002          0x0000029c   Section        0  rtentry2.o(.ARM.Collect$$rtentry$$00000002)
    .ARM.Collect$$rtentry$$00000004          0x0000029c   Section        6  rtentry4.o(.ARM.Collect$$rtentry$$00000004)
    .ARM.Collect$$rtentry$$00000009          0x000002a2   Section        0  rtentry2.o(.ARM.Collect$$rtentry$$00000009)
    .ARM.Collect$$rtentry$$0000000A          0x000002a2   Section        4  rtentry2.o(.ARM.Collect$$rtentry$$0000000A)
    .ARM.Collect$$rtentry$$0000000C          0x000002a6   Section        0  rtentry2.o(.ARM.Collect$$rtentry$$0000000C)
    .ARM.Collect$$rtentry$$0000000D          0x000002a6   Section        8  rtentry2.o(.ARM.Collect$$rtentry$$0000000D)
    .ARM.Collect$$rtexit$$00000000           0x000002ae   Section        2  rtexit.o(.ARM.Collect$$rtexit$$00000000)
    .ARM.Collect$$rtexit$$00000002           0x000002b0   Section        0  rtexit2.o(.ARM.Collect$$rtexit$$00000002)
    .ARM.Collect$$rtexit$$00000003           0x000002b0   Section        4  rtexit2.o(.ARM.Collect$$rtexit$$00000003)
    .ARM.Collect$$rtexit$$00000004           0x000002b4   Section        6  rtexit2.o(.ARM.Collect$$rtexit$$00000004)
    .text                                    0x000002bc   Section       48  startup.o(.text)
    .text                                    0x000002ec   Section        0  heapauxi.o(.text)
    .text                                    0x000002f2   Section       74  sys_stackheap_outer.o(.text)
    .text                                    0x0000033c   Section        0  exit.o(.text)
    .text                                    0x00000348   Section        8  libspace.o(.text)
    .text                                    0x00000350   Section        0  sys_exit.o(.text)
    .text                                    0x0000035c   Section        2  use_no_semi.o(.text)
    .text                                    0x0000035e   Section        0  indicate_semi.o(.text)
    i.Board_Init                             0x00000360   Section        0  board.o(i.Board_Init)
    i.Board_Input                            0x00000504   Section        0  board.o(i.Board_Input)
    i.Board_Output                           0x00000510   Section        0  board.o(i.Board_Output)
    i.GPIOPortL_Handler                      0x0000056c   Section        0  switch.o(i.GPIOPortL_Handler)
    i.GPIO_Init                              0x00000578   Section        0  switch.o(i.GPIO_Init)
    i.Switch_Init                            0x00000670   Section        0  switch.o(i.Switch_Init)
    i.Switch_Input                           0x0000074c   Section        0  switch.o(i.Switch_Input)
    i.main                                   0x00000780   Section        0  switchtestmain.o(i.main)
    i.toggle_all                             0x000007c0   Section        0  switch.o(i.toggle_all)
    .data                                    0x20000000   Section        8  switch.o(.data)
    .bss                                     0x20000008   Section       96  libspace.o(.bss)
    HEAP                                     0x20000068   Section        0  startup.o(HEAP)
    STACK                                    0x20000068   Section     1024  startup.o(STACK)
    HeapMem                                  0x20000068   Data           0  startup.o(HEAP)
    StackMem                                 0x20000068   Data           0  startup.o(STACK)

    Global Symbols

    Symbol Name                              Value     Ov Type        Size  Object(Section)

    BuildAttributes$$THM_ISAv4$E$P$D$K$B$S$7EM$PE$A:L22UL41UL21$X:L11$S22US41US21$IEEE1$IW$USESV6$~STKCKD$USESV7$~SHL$OSPACE$ROPI$EBA8$UX$STANDARDLIB$REQ8$PRES8$EABIv2 0x00000000   Number         0  anon$$obj.o ABSOLUTE
    __ARM_use_no_argv                        0x00000000   Number         0  switchtestmain.o ABSOLUTE
    __Vectors                                0x00000000   Data           0  startup.o(RESET)
    __ARM_exceptions_init                     - Undefined Weak Reference
    __alloca_initialize                       - Undefined Weak Reference
    __cpp_initialize__aeabi_                  - Undefined Weak Reference
    __cxa_finalize                            - Undefined Weak Reference
    __rt_locale                               - Undefined Weak Reference
    __sigvec_lookup                           - Undefined Weak Reference
    _atexit_init                              - Undefined Weak Reference
    _call_atexit_fns                          - Undefined Weak Reference
    _clock_init                               - Undefined Weak Reference
    _fp_trap_init                             - Undefined Weak Reference
    _fp_trap_shutdown                         - Undefined Weak Reference
    _get_lc_collate                           - Undefined Weak Reference
    _get_lc_ctype                             - Undefined Weak Reference
    _get_lc_monetary                          - Undefined Weak Reference
    _get_lc_numeric                           - Undefined Weak Reference
    _get_lc_time                              - Undefined Weak Reference
    _getenv_init                              - Undefined Weak Reference
    _handle_redirection                       - Undefined Weak Reference
    _init_alloc                               - Undefined Weak Reference
    _init_user_alloc                          - Undefined Weak Reference
    _initio                                   - Undefined Weak Reference
    _rand_init                                - Undefined Weak Reference
    _signal_finish                            - Undefined Weak Reference
    _signal_init                              - Undefined Weak Reference
    _terminate_alloc                          - Undefined Weak Reference
    _terminate_user_alloc                     - Undefined Weak Reference
    _terminateio                              - Undefined Weak Reference
    Reset_Handler                            0x00000209   Thumb Code     0  startup.o(RESET)
    NMI_Handler                              0x0000020d   Thumb Code     2  startup.o(RESET)
    HardFault_Handler                        0x0000020f   Thumb Code     2  startup.o(RESET)
    MemManage_Handler                        0x00000211   Thumb Code     2  startup.o(RESET)
    BusFault_Handler                         0x00000213   Thumb Code     2  startup.o(RESET)
    UsageFault_Handler                       0x00000215   Thumb Code     2  startup.o(RESET)
    SVC_Handler                              0x00000217   Thumb Code     2  startup.o(RESET)
    DebugMon_Handler                         0x00000219   Thumb Code     2  startup.o(RESET)
    PendSV_Handler                           0x0000021b   Thumb Code     2  startup.o(RESET)
    SysTick_Handler                          0x0000021d   Thumb Code     2  startup.o(RESET)
    ADC0Seq0_Handler                         0x0000021f   Thumb Code     0  startup.o(RESET)
    ADC0Seq1_Handler                         0x0000021f   Thumb Code     0  startup.o(RESET)
    ADC0Seq2_Handler                         0x0000021f   Thumb Code     0  startup.o(RESET)
    ADC0Seq3_Handler                         0x0000021f   Thumb Code     0  startup.o(RESET)
    ADC1Seq0_Handler                         0x0000021f   Thumb Code     0  startup.o(RESET)
    ADC1Seq1_Handler                         0x0000021f   Thumb Code     0  startup.o(RESET)
    ADC1Seq2_Handler                         0x0000021f   Thumb Code     0  startup.o(RESET)
    ADC1Seq3_Handler                         0x0000021f   Thumb Code     0  startup.o(RESET)
    CAN0_Handler                             0x0000021f   Thumb Code     0  startup.o(RESET)
    CAN1_Handler                             0x0000021f   Thumb Code     0  startup.o(RESET)
    Comp0_Handler                            0x0000021f   Thumb Code     0  startup.o(RESET)
    Comp1_Handler                            0x0000021f   Thumb Code     0  startup.o(RESET)
    Comp2_Handler                            0x0000021f   Thumb Code     0  startup.o(RESET)
    Ethernet_Handler                         0x0000021f   Thumb Code     0  startup.o(RESET)
    ExtBus_Handler                           0x0000021f   Thumb Code     0  startup.o(RESET)
    FPU_Handler                              0x0000021f   Thumb Code     0  startup.o(RESET)
    FlashCtl_Handler                         0x0000021f   Thumb Code     0  startup.o(RESET)
    GPIOPortA_Handler                        0x0000021f   Thumb Code     0  startup.o(RESET)
    GPIOPortB_Handler                        0x0000021f   Thumb Code     0  startup.o(RESET)
    GPIOPortC_Handler                        0x0000021f   Thumb Code     0  startup.o(RESET)
    GPIOPortD_Handler                        0x0000021f   Thumb Code     0  startup.o(RESET)
    GPIOPortE_Handler                        0x0000021f   Thumb Code     0  startup.o(RESET)
    GPIOPortF_Handler                        0x0000021f   Thumb Code     0  startup.o(RESET)
    GPIOPortG_Handler                        0x0000021f   Thumb Code     0  startup.o(RESET)
    GPIOPortH_Handler                        0x0000021f   Thumb Code     0  startup.o(RESET)
    GPIOPortJ_Handler                        0x0000021f   Thumb Code     0  startup.o(RESET)
    GPIOPortK_Handler                        0x0000021f   Thumb Code     0  startup.o(RESET)
    GPIOPortM_Handler                        0x0000021f   Thumb Code     0  startup.o(RESET)
    GPIOPortN_Handler                        0x0000021f   Thumb Code     0  startup.o(RESET)
    GPIOPortP1_Handler                       0x0000021f   Thumb Code     0  startup.o(RESET)
    GPIOPortP2_Handler                       0x0000021f   Thumb Code     0  startup.o(RESET)
    GPIOPortP3_Handler                       0x0000021f   Thumb Code     0  startup.o(RESET)
    GPIOPortP4_Handler                       0x0000021f   Thumb Code     0  startup.o(RESET)
    GPIOPortP5_Handler                       0x0000021f   Thumb Code     0  startup.o(RESET)
    GPIOPortP6_Handler                       0x0000021f   Thumb Code     0  startup.o(RESET)
    GPIOPortP7_Handler                       0x0000021f   Thumb Code     0  startup.o(RESET)
    GPIOPortP_Handler                        0x0000021f   Thumb Code     0  startup.o(RESET)
    GPIOPortQ1_Handler                       0x0000021f   Thumb Code     0  startup.o(RESET)
    GPIOPortQ2_Handler                       0x0000021f   Thumb Code     0  startup.o(RESET)
    GPIOPortQ3_Handler                       0x0000021f   Thumb Code     0  startup.o(RESET)
    GPIOPortQ4_Handler                       0x0000021f   Thumb Code     0  startup.o(RESET)
    GPIOPortQ5_Handler                       0x0000021f   Thumb Code     0  startup.o(RESET)
    GPIOPortQ6_Handler                       0x0000021f   Thumb Code     0  startup.o(RESET)
    GPIOPortQ7_Handler                       0x0000021f   Thumb Code     0  startup.o(RESET)
    GPIOPortQ_Handler                        0x0000021f   Thumb Code     0  startup.o(RESET)
    Hibernate_Handler                        0x0000021f   Thumb Code     0  startup.o(RESET)
    I2C0_Handler                             0x0000021f   Thumb Code     0  startup.o(RESET)
    I2C1_Handler                             0x0000021f   Thumb Code     0  startup.o(RESET)
    I2C2_Handler                             0x0000021f   Thumb Code     0  startup.o(RESET)
    I2C3_Handler                             0x0000021f   Thumb Code     0  startup.o(RESET)
    I2C4_Handler                             0x0000021f   Thumb Code     0  startup.o(RESET)
    I2C5_Handler                             0x0000021f   Thumb Code     0  startup.o(RESET)
    I2C6_Handler                             0x0000021f   Thumb Code     0  startup.o(RESET)
    I2C7_Handler                             0x0000021f   Thumb Code     0  startup.o(RESET)
    I2C8_Handler                             0x0000021f   Thumb Code     0  startup.o(RESET)
    I2C9_Handler                             0x0000021f   Thumb Code     0  startup.o(RESET)
    PWM0Fault_Handler                        0x0000021f   Thumb Code     0  startup.o(RESET)
    PWM0Generator0_Handler                   0x0000021f   Thumb Code     0  startup.o(RESET)
    PWM0Generator1_Handler                   0x0000021f   Thumb Code     0  startup.o(RESET)
    PWM0Generator2_Handler                   0x0000021f   Thumb Code     0  startup.o(RESET)
    PWM0Generator3_Handler                   0x0000021f   Thumb Code     0  startup.o(RESET)
    Quadrature0_Handler                      0x0000021f   Thumb Code     0  startup.o(RESET)
    SSI0_Handler                             0x0000021f   Thumb Code     0  startup.o(RESET)
    SSI1_Handler                             0x0000021f   Thumb Code     0  startup.o(RESET)
    SSI2_Handler                             0x0000021f   Thumb Code     0  startup.o(RESET)
    SSI3_Handler                             0x0000021f   Thumb Code     0  startup.o(RESET)
    SysCtl_Handler                           0x0000021f   Thumb Code     0  startup.o(RESET)
    Tamper_Handler                           0x0000021f   Thumb Code     0  startup.o(RESET)
    Timer0A_Handler                          0x0000021f   Thumb Code     0  startup.o(RESET)
    Timer0B_Handler                          0x0000021f   Thumb Code     0  startup.o(RESET)
    Timer1A_Handler                          0x0000021f   Thumb Code     0  startup.o(RESET)
    Timer1B_Handler                          0x0000021f   Thumb Code     0  startup.o(RESET)
    Timer2A_Handler                          0x0000021f   Thumb Code     0  startup.o(RESET)
    Timer2B_Handler                          0x0000021f   Thumb Code     0  startup.o(RESET)
    Timer3A_Handler                          0x0000021f   Thumb Code     0  startup.o(RESET)
    Timer3B_Handler                          0x0000021f   Thumb Code     0  startup.o(RESET)
    Timer4A_Handler                          0x0000021f   Thumb Code     0  startup.o(RESET)
    Timer4B_Handler                          0x0000021f   Thumb Code     0  startup.o(RESET)
    Timer5A_Handler                          0x0000021f   Thumb Code     0  startup.o(RESET)
    Timer5B_Handler                          0x0000021f   Thumb Code     0  startup.o(RESET)
    Timer6A_Handler                          0x0000021f   Thumb Code     0  startup.o(RESET)
    Timer6B_Handler                          0x0000021f   Thumb Code     0  startup.o(RESET)
    Timer7A_Handler                          0x0000021f   Thumb Code     0  startup.o(RESET)
    Timer7B_Handler                          0x0000021f   Thumb Code     0  startup.o(RESET)
    UART0_Handler                            0x0000021f   Thumb Code     0  startup.o(RESET)
    UART1_Handler                            0x0000021f   Thumb Code     0  startup.o(RESET)
    UART2_Handler                            0x0000021f   Thumb Code     0  startup.o(RESET)
    UART3_Handler                            0x0000021f   Thumb Code     0  startup.o(RESET)
    UART4_Handler                            0x0000021f   Thumb Code     0  startup.o(RESET)
    UART5_Handler                            0x0000021f   Thumb Code     0  startup.o(RESET)
    UART6_Handler                            0x0000021f   Thumb Code     0  startup.o(RESET)
    UART7_Handler                            0x0000021f   Thumb Code     0  startup.o(RESET)
    USB0_Handler                             0x0000021f   Thumb Code     0  startup.o(RESET)
    WDT_Handler                              0x0000021f   Thumb Code     0  startup.o(RESET)
    uDMA_Error                               0x0000021f   Thumb Code     0  startup.o(RESET)
    uDMA_Handler                             0x0000021f   Thumb Code     0  startup.o(RESET)
    __main                                   0x00000221   Thumb Code     8  __main.o(!!!main)
    __scatterload                            0x00000229   Thumb Code     0  __scatter.o(!!!scatter)
    __scatterload_rt2                        0x00000229   Thumb Code    44  __scatter.o(!!!scatter)
    __scatterload_rt2_thumb_only             0x00000229   Thumb Code     0  __scatter.o(!!!scatter)
    __scatterload_null                       0x00000237   Thumb Code     0  __scatter.o(!!!scatter)
    __scatterload_copy                       0x0000025d   Thumb Code    26  __scatter_copy.o(!!handler_copy)
    __scatterload_zeroinit                   0x00000279   Thumb Code    28  __scatter_zi.o(!!handler_zi)
    __rt_lib_init                            0x00000295   Thumb Code     0  libinit.o(.ARM.Collect$$libinit$$00000000)
    __rt_lib_init_alloca_1                   0x00000297   Thumb Code     0  libinit2.o(.ARM.Collect$$libinit$$0000002C)
    __rt_lib_init_argv_1                     0x00000297   Thumb Code     0  libinit2.o(.ARM.Collect$$libinit$$0000002A)
    __rt_lib_init_atexit_1                   0x00000297   Thumb Code     0  libinit2.o(.ARM.Collect$$libinit$$00000019)
    __rt_lib_init_clock_1                    0x00000297   Thumb Code     0  libinit2.o(.ARM.Collect$$libinit$$0000001F)
    __rt_lib_init_cpp_1                      0x00000297   Thumb Code     0  libinit2.o(.ARM.Collect$$libinit$$00000030)
    __rt_lib_init_exceptions_1               0x00000297   Thumb Code     0  libinit2.o(.ARM.Collect$$libinit$$0000002E)
    __rt_lib_init_fp_1                       0x00000297   Thumb Code     0  libinit2.o(.ARM.Collect$$libinit$$00000002)
    __rt_lib_init_fp_trap_1                  0x00000297   Thumb Code     0  libinit2.o(.ARM.Collect$$libinit$$0000001D)
    __rt_lib_init_getenv_1                   0x00000297   Thumb Code     0  libinit2.o(.ARM.Collect$$libinit$$00000021)
    __rt_lib_init_heap_1                     0x00000297   Thumb Code     0  libinit2.o(.ARM.Collect$$libinit$$00000008)
    __rt_lib_init_lc_collate_1               0x00000297   Thumb Code     0  libinit2.o(.ARM.Collect$$libinit$$0000000F)
    __rt_lib_init_lc_ctype_1                 0x00000297   Thumb Code     0  libinit2.o(.ARM.Collect$$libinit$$00000011)
    __rt_lib_init_lc_monetary_1              0x00000297   Thumb Code     0  libinit2.o(.ARM.Collect$$libinit$$00000013)
    __rt_lib_init_lc_numeric_1               0x00000297   Thumb Code     0  libinit2.o(.ARM.Collect$$libinit$$00000015)
    __rt_lib_init_lc_time_1                  0x00000297   Thumb Code     0  libinit2.o(.ARM.Collect$$libinit$$00000017)
    __rt_lib_init_rand_1                     0x00000297   Thumb Code     0  libinit2.o(.ARM.Collect$$libinit$$0000000C)
    __rt_lib_init_return                     0x00000297   Thumb Code     0  libinit2.o(.ARM.Collect$$libinit$$00000031)
    __rt_lib_init_signal_1                   0x00000297   Thumb Code     0  libinit2.o(.ARM.Collect$$libinit$$0000001B)
    __rt_lib_init_stdio_1                    0x00000297   Thumb Code     0  libinit2.o(.ARM.Collect$$libinit$$00000023)
    __rt_lib_init_user_alloc_1               0x00000297   Thumb Code     0  libinit2.o(.ARM.Collect$$libinit$$0000000A)
    __rt_lib_shutdown                        0x00000299   Thumb Code     0  libshutdown.o(.ARM.Collect$$libshutdown$$00000000)
    __rt_lib_shutdown_fp_trap_1              0x0000029b   Thumb Code     0  libshutdown2.o(.ARM.Collect$$libshutdown$$00000006)
    __rt_lib_shutdown_heap_1                 0x0000029b   Thumb Code     0  libshutdown2.o(.ARM.Collect$$libshutdown$$0000000E)
    __rt_lib_shutdown_return                 0x0000029b   Thumb Code     0  libshutdown2.o(.ARM.Collect$$libshutdown$$0000000F)
    __rt_lib_shutdown_signal_1               0x0000029b   Thumb Code     0  libshutdown2.o(.ARM.Collect$$libshutdown$$00000009)
    __rt_lib_shutdown_stdio_1                0x0000029b   Thumb Code     0  libshutdown2.o(.ARM.Collect$$libshutdown$$00000003)
    __rt_lib_shutdown_user_alloc_1           0x0000029b   Thumb Code     0  libshutdown2.o(.ARM.Collect$$libshutdown$$0000000B)
    __rt_entry                               0x0000029d   Thumb Code     0  rtentry.o(.ARM.Collect$$rtentry$$00000000)
    __rt_entry_presh_1                       0x0000029d   Thumb Code     0  rtentry2.o(.ARM.Collect$$rtentry$$00000002)
    __rt_entry_sh                            0x0000029d   Thumb Code     0  rtentry4.o(.ARM.Collect$$rtentry$$00000004)
    __rt_entry_li                            0x000002a3   Thumb Code     0  rtentry2.o(.ARM.Collect$$rtentry$$0000000A)
    __rt_entry_postsh_1                      0x000002a3   Thumb Code     0  rtentry2.o(.ARM.Collect$$rtentry$$00000009)
    __rt_entry_main                          0x000002a7   Thumb Code     0  rtentry2.o(.ARM.Collect$$rtentry$$0000000D)
    __rt_entry_postli_1                      0x000002a7   Thumb Code     0  rtentry2.o(.ARM.Collect$$rtentry$$0000000C)
    __rt_exit                                0x000002af   Thumb Code     0  rtexit.o(.ARM.Collect$$rtexit$$00000000)
    __rt_exit_ls                             0x000002b1   Thumb Code     0  rtexit2.o(.ARM.Collect$$rtexit$$00000003)
    __rt_exit_prels_1                        0x000002b1   Thumb Code     0  rtexit2.o(.ARM.Collect$$rtexit$$00000002)
    __rt_exit_exit                           0x000002b5   Thumb Code     0  rtexit2.o(.ARM.Collect$$rtexit$$00000004)
    DisableInterrupts                        0x000002bd   Thumb Code     0  startup.o(.text)
    EnableInterrupts                         0x000002c1   Thumb Code     0  startup.o(.text)
    StartCritical                            0x000002c5   Thumb Code     0  startup.o(.text)
    EndCritical                              0x000002cd   Thumb Code     0  startup.o(.text)
    WaitForInterrupt                         0x000002d3   Thumb Code     0  startup.o(.text)
    __user_initial_stackheap                 0x000002d7   Thumb Code     0  startup.o(.text)
    __use_two_region_memory                  0x000002ed   Thumb Code     2  heapauxi.o(.text)
    __rt_heap_escrow$2region                 0x000002ef   Thumb Code     2  heapauxi.o(.text)
    __rt_heap_expand$2region                 0x000002f1   Thumb Code     2  heapauxi.o(.text)
    __user_setup_stackheap                   0x000002f3   Thumb Code    74  sys_stackheap_outer.o(.text)
    exit                                     0x0000033d   Thumb Code    12  exit.o(.text)
    __user_libspace                          0x00000349   Thumb Code     8  libspace.o(.text)
    __user_perproc_libspace                  0x00000349   Thumb Code     0  libspace.o(.text)
    __user_perthread_libspace                0x00000349   Thumb Code     0  libspace.o(.text)
    _sys_exit                                0x00000351   Thumb Code     8  sys_exit.o(.text)
    __I$use$semihosting                      0x0000035d   Thumb Code     0  use_no_semi.o(.text)
    __use_no_semihosting_swi                 0x0000035d   Thumb Code     2  use_no_semi.o(.text)
    __semihosting_library_function           0x0000035f   Thumb Code     0  indicate_semi.o(.text)
    Board_Init                               0x00000361   Thumb Code   386  board.o(i.Board_Init)
    Board_Input                              0x00000505   Thumb Code     6  board.o(i.Board_Input)
    Board_Output                             0x00000511   Thumb Code    82  board.o(i.Board_Output)
    GPIOPortL_Handler                        0x0000056d   Thumb Code     8  switch.o(i.GPIOPortL_Handler)
    GPIO_Init                                0x00000579   Thumb Code   214  switch.o(i.GPIO_Init)
    Switch_Init                              0x00000671   Thumb Code   196  switch.o(i.Switch_Init)
    Switch_Input                             0x0000074d   Thumb Code    40  switch.o(i.Switch_Input)
    main                                     0x00000781   Thumb Code    64  switchtestmain.o(i.main)
    toggle_all                               0x000007c1   Thumb Code    48  switch.o(i.toggle_all)
    Region$$Table$$Base                      0x00000800   Number         0  anon$$obj.o(Region$$Table)
    Region$$Table$$Limit                     0x00000820   Number         0  anon$$obj.o(Region$$Table)
    pl3                                      0x20000000   Data           2  switch.o(.data)
    old                                      0x20000004   Data           4  switch.o(.data)
    __libspace_start                         0x20000008   Data          96  libspace.o(.bss)
    __temporary_stack_top$libspace           0x20000068   Data           0  libspace.o(.bss)



==============================================================================

Memory Map of the image

  Image Entry point : 0x00000209

  Load Region LR_1 (Base: 0x00000000, Size: 0x00000828, Max: 0xffffffff, ABSOLUTE)

    Execution Region ER_RO (Base: 0x00000000, Size: 0x00000820, Max: 0xffffffff, ABSOLUTE)

    Base Addr    Size         Type   Attr      Idx    E Section Name        Object

    0x00000000   0x00000220   Code   RO            3  * RESET               startup.o
    0x00000220   0x00000008   Code   RO          104  * !!!main             c_w.l(__main.o)
    0x00000228   0x00000034   Code   RO          258    !!!scatter          c_w.l(__scatter.o)
    0x0000025c   0x0000001a   Code   RO          260    !!handler_copy      c_w.l(__scatter_copy.o)
    0x00000276   0x00000002   PAD
    0x00000278   0x0000001c   Code   RO          262    !!handler_zi        c_w.l(__scatter_zi.o)
    0x00000294   0x00000002   Code   RO          131    .ARM.Collect$$libinit$$00000000  c_w.l(libinit.o)
    0x00000296   0x00000000   Code   RO          138    .ARM.Collect$$libinit$$00000002  c_w.l(libinit2.o)
    0x00000296   0x00000000   Code   RO          141    .ARM.Collect$$libinit$$00000008  c_w.l(libinit2.o)
    0x00000296   0x00000000   Code   RO          143    .ARM.Collect$$libinit$$0000000A  c_w.l(libinit2.o)
    0x00000296   0x00000000   Code   RO          145    .ARM.Collect$$libinit$$0000000C  c_w.l(libinit2.o)
    0x00000296   0x00000000   Code   RO          148    .ARM.Collect$$libinit$$0000000F  c_w.l(libinit2.o)
    0x00000296   0x00000000   Code   RO          150    .ARM.Collect$$libinit$$00000011  c_w.l(libinit2.o)
    0x00000296   0x00000000   Code   RO          152    .ARM.Collect$$libinit$$00000013  c_w.l(libinit2.o)
    0x00000296   0x00000000   Code   RO          154    .ARM.Collect$$libinit$$00000015  c_w.l(libinit2.o)
    0x00000296   0x00000000   Code   RO          156    .ARM.Collect$$libinit$$00000017  c_w.l(libinit2.o)
    0x00000296   0x00000000   Code   RO          158    .ARM.Collect$$libinit$$00000019  c_w.l(libinit2.o)
    0x00000296   0x00000000   Code   RO          160    .ARM.Collect$$libinit$$0000001B  c_w.l(libinit2.o)
    0x00000296   0x00000000   Code   RO          162    .ARM.Collect$$libinit$$0000001D  c_w.l(libinit2.o)
    0x00000296   0x00000000   Code   RO          164    .ARM.Collect$$libinit$$0000001F  c_w.l(libinit2.o)
    0x00000296   0x00000000   Code   RO          166    .ARM.Collect$$libinit$$00000021  c_w.l(libinit2.o)
    0x00000296   0x00000000   Code   RO          168    .ARM.Collect$$libinit$$00000023  c_w.l(libinit2.o)
    0x00000296   0x00000000   Code   RO          172    .ARM.Collect$$libinit$$0000002A  c_w.l(libinit2.o)
    0x00000296   0x00000000   Code   RO          174    .ARM.Collect$$libinit$$0000002C  c_w.l(libinit2.o)
    0x00000296   0x00000000   Code   RO          176    .ARM.Collect$$libinit$$0000002E  c_w.l(libinit2.o)
    0x00000296   0x00000000   Code   RO          178    .ARM.Collect$$libinit$$00000030  c_w.l(libinit2.o)
    0x00000296   0x00000002   Code   RO          179    .ARM.Collect$$libinit$$00000031  c_w.l(libinit2.o)
    0x00000298   0x00000002   Code   RO          199    .ARM.Collect$$libshutdown$$00000000  c_w.l(libshutdown.o)
    0x0000029a   0x00000000   Code   RO          213    .ARM.Collect$$libshutdown$$00000003  c_w.l(libshutdown2.o)
    0x0000029a   0x00000000   Code   RO          216    .ARM.Collect$$libshutdown$$00000006  c_w.l(libshutdown2.o)
    0x0000029a   0x00000000   Code   RO          219    .ARM.Collect$$libshutdown$$00000009  c_w.l(libshutdown2.o)
    0x0000029a   0x00000000   Code   RO          221    .ARM.Collect$$libshutdown$$0000000B  c_w.l(libshutdown2.o)
    0x0000029a   0x00000000   Code   RO          224    .ARM.Collect$$libshutdown$$0000000E  c_w.l(libshutdown2.o)
    0x0000029a   0x00000002   Code   RO          225    .ARM.Collect$$libshutdown$$0000000F  c_w.l(libshutdown2.o)
    0x0000029c   0x00000000   Code   RO          106    .ARM.Collect$$rtentry$$00000000  c_w.l(rtentry.o)
    0x0000029c   0x00000000   Code   RO          108    .ARM.Collect$$rtentry$$00000002  c_w.l(rtentry2.o)
    0x0000029c   0x00000006   Code   RO          120    .ARM.Collect$$rtentry$$00000004  c_w.l(rtentry4.o)
    0x000002a2   0x00000000   Code   RO          110    .ARM.Collect$$rtentry$$00000009  c_w.l(rtentry2.o)
    0x000002a2   0x00000004   Code   RO          111    .ARM.Collect$$rtentry$$0000000A  c_w.l(rtentry2.o)
    0x000002a6   0x00000000   Code   RO          113    .ARM.Collect$$rtentry$$0000000C  c_w.l(rtentry2.o)
    0x000002a6   0x00000008   Code   RO          114    .ARM.Collect$$rtentry$$0000000D  c_w.l(rtentry2.o)
    0x000002ae   0x00000002   Code   RO          135    .ARM.Collect$$rtexit$$00000000  c_w.l(rtexit.o)
    0x000002b0   0x00000000   Code   RO          181    .ARM.Collect$$rtexit$$00000002  c_w.l(rtexit2.o)
    0x000002b0   0x00000004   Code   RO          182    .ARM.Collect$$rtexit$$00000003  c_w.l(rtexit2.o)
    0x000002b4   0x00000006   Code   RO          183    .ARM.Collect$$rtexit$$00000004  c_w.l(rtexit2.o)
    0x000002ba   0x00000002   PAD
    0x000002bc   0x00000030   Code   RO            4    .text               startup.o
    0x000002ec   0x00000006   Code   RO          102    .text               c_w.l(heapauxi.o)
    0x000002f2   0x0000004a   Code   RO          122    .text               c_w.l(sys_stackheap_outer.o)
    0x0000033c   0x0000000c   Code   RO          124    .text               c_w.l(exit.o)
    0x00000348   0x00000008   Code   RO          132    .text               c_w.l(libspace.o)
    0x00000350   0x0000000c   Code   RO          191    .text               c_w.l(sys_exit.o)
    0x0000035c   0x00000002   Code   RO          202    .text               c_w.l(use_no_semi.o)
    0x0000035e   0x00000000   Code   RO          204    .text               c_w.l(indicate_semi.o)
    0x0000035e   0x00000002   PAD
    0x00000360   0x000001a4   Code   RO           12    i.Board_Init        board.o
    0x00000504   0x0000000c   Code   RO           13    i.Board_Input       board.o
    0x00000510   0x0000005c   Code   RO           14    i.Board_Output      board.o
    0x0000056c   0x0000000c   Code   RO           40    i.GPIOPortL_Handler  switch.o
    0x00000578   0x000000f8   Code   RO           41    i.GPIO_Init         switch.o
    0x00000670   0x000000dc   Code   RO           42    i.Switch_Init       switch.o
    0x0000074c   0x00000034   Code   RO           43    i.Switch_Input      switch.o
    0x00000780   0x00000040   Code   RO           88    i.main              switchtestmain.o
    0x000007c0   0x00000040   Code   RO           45    i.toggle_all        switch.o
    0x00000800   0x00000020   Data   RO          256    Region$$Table       anon$$obj.o


    Execution Region ER_RW (Base: 0x20000000, Size: 0x00000008, Max: 0xffffffff, ABSOLUTE)

    Base Addr    Size         Type   Attr      Idx    E Section Name        Object

    0x20000000   0x00000008   Data   RW           46    .data               switch.o


    Execution Region ER_ZI (Base: 0x20000008, Size: 0x00000460, Max: 0xffffffff, ABSOLUTE)

    Base Addr    Size         Type   Attr      Idx    E Section Name        Object

    0x20000008   0x00000060   Zero   RW          133    .bss                c_w.l(libspace.o)
    0x20000068   0x00000000   Zero   RW            2    HEAP                startup.o
    0x20000068   0x00000400   Zero   RW            1    STACK               startup.o


==============================================================================

Image component sizes


      Code (inc. data)   RO Data    RW Data    ZI Data      Debug   Object Name

       524         50          0          0          0       5506   board.o
       592        532          0          0       1024        900   startup.o
       596         90          0          8          0       2184   switch.o
        64          0          0          0          0        587   switchtestmain.o

    ----------------------------------------------------------------------
      1776        672         32          8       1024       9177   Object Totals
         0          0         32          0          0          0   (incl. Generated)
         0          0          0          0          0          0   (incl. Padding)

    ----------------------------------------------------------------------

      Code (inc. data)   RO Data    RW Data    ZI Data      Debug   Library Member Name

         8          0          0          0          0         68   __main.o
        52          8          0          0          0          0   __scatter.o
        26          0          0          0          0          0   __scatter_copy.o
        28          0          0          0          0          0   __scatter_zi.o
        12          0          0          0          0         72   exit.o
         6          0          0          0          0        152   heapauxi.o
         0          0          0          0          0          0   indicate_semi.o
         2          0          0          0          0          0   libinit.o
         2          0          0          0          0          0   libinit2.o
         2          0          0          0          0          0   libshutdown.o
         2          0          0          0          0          0   libshutdown2.o
         8          4          0          0         96         68   libspace.o
         0          0          0          0          0          0   rtentry.o
        12          0          0          0          0          0   rtentry2.o
         6          0          0          0          0          0   rtentry4.o
         2          0          0          0          0          0   rtexit.o
        10          0          0          0          0          0   rtexit2.o
        12          4          0          0          0         68   sys_exit.o
        74          0          0          0          0         80   sys_stackheap_outer.o
         2          0          0          0          0         68   use_no_semi.o

    ----------------------------------------------------------------------
       272         16          0          0         96        576   Library Totals
         6          0          0          0          0          0   (incl. Padding)

    ----------------------------------------------------------------------

      Code (inc. data)   RO Data    RW Data    ZI Data      Debug   Library Name

       266         16          0          0         96        576   c_w.l

    ----------------------------------------------------------------------
       272         16          0          0         96        576   Library Totals

    ----------------------------------------------------------------------

==============================================================================


      Code (inc. data)   RO Data    RW Data    ZI Data      Debug   

      2048        688         32          8       1120       9129   Grand Totals
      2048        688         32          8       1120       9129   ELF Image Totals
      2048        688         32          8          0          0   ROM Totals

==============================================================================

    Total RO  Size (Code + RO Data)                 2080 (   2.03kB)
    Total RW  Size (RW Data + ZI Data)              1128 (   1.10kB)
    Total ROM Size (Code + RO Data + RW Data)       2088 (   2.04kB)

==============================================================================

